0:0:0:0:0:0:0:1 - - [29/Mar/2019:19:19:55 +0800] "POST /item/cat/queryItemCatNameById HTTP/1.0" 200 9 http-bio-8091-exec-3 11
127.0.0.1 - - [29/Mar/2019:19:19:55 +0800] "POST /item/cat/queryItemCatNameById HTTP/1.0" 200 12 http-bio-8091-exec-5 6
0:0:0:0:0:0:0:1 - - [29/Mar/2019:19:19:55 +0800] "POST /item/cat/queryItemCatNameById HTTP/1.0" 200 6 http-bio-8091-exec-6 4
127.0.0.1 - - [29/Mar/2019:19:19:55 +0800] "POST /item/cat/queryItemCatNameById HTTP/1.0" 200 6 http-bio-8091-exec-7 11
0:0:0:0:0:0:0:1 - - [29/Mar/2019:19:19:55 +0800] "POST /item/cat/queryItemCatNameById HTTP/1.0" 200 6 http-bio-8091-exec-8 8
127.0.0.1 - - [29/Mar/2019:19:19:55 +0800] "POST /item/cat/queryItemCatNameById HTTP/1.0" 200 6 http-bio-8091-exec-9 8
0:0:0:0:0:0:0:1 - - [29/Mar/2019:19:19:55 +0800] "POST /item/cat/queryItemCatNameById HTTP/1.0" 200 6 http-bio-8091-exec-10 8
127.0.0.1 - - [29/Mar/2019:19:19:55 +0800] "POST /item/cat/queryItemCatNameById HTTP/1.0" 200 6 http-bio-8091-exec-1 6
0:0:0:0:0:0:0:1 - - [29/Mar/2019:19:19:55 +0800] "POST /item/cat/queryItemCatNameById HTTP/1.0" 200 6 http-bio-8091-exec-2 7
127.0.0.1 - - [29/Mar/2019:19:19:55 +0800] "POST /item/cat/queryItemCatNameById HTTP/1.0" 200 6 http-bio-8091-exec-4 7
0:0:0:0:0:0:0:1 - - [29/Mar/2019:19:20:03 +0800] "GET /page/item-param-add?_=1553858262141 HTTP/1.0" 200 3516 http-bio-8091-exec-3 5
127.0.0.1 - - [29/Mar/2019:19:20:03 +0800] "GET /page/item-param-add?_=1553858262142 HTTP/1.0" 200 3516 http-bio-8091-exec-5 6
0:0:0:0:0:0:0:1 - - [29/Mar/2019:19:20:04 +0800] "POST /item/cat/list HTTP/1.0" 200 965 http-bio-8091-exec-6 2
127.0.0.1 - - [29/Mar/2019:19:20:22 +0800] "GET /page/item-param-add?_=1553858262143 HTTP/1.0" 200 3516 http-bio-8091-exec-7 7
0:0:0:0:0:0:0:1 - - [29/Mar/2019:19:20:22 +0800] "GET /page/item-param-add?_=1553858262144 HTTP/1.0" 200 3516 http-bio-8091-exec-8 4
127.0.0.1 - - [29/Mar/2019:19:20:22 +0800] "POST /item/cat/list HTTP/1.0" 200 965 http-bio-8091-exec-9 3
0:0:0:0:0:0:0:1 - - [29/Mar/2019:19:20:23 +0800] "POST /item/cat/list HTTP/1.0" 200 545 http-bio-8091-exec-10 5
127.0.0.1 - - [29/Mar/2019:19:20:24 +0800] "POST /item/cat/list HTTP/1.0" 200 185 http-bio-8091-exec-1 3
0:0:0:0:0:0:0:1 - - [29/Mar/2019:19:20:24 +0800] "GET /item/param/query/itemcatid/3 HTTP/1.0" 500 6065 http-bio-8091-exec-2 15
127.0.0.1 - - [29/Mar/2019:19:20:26 +0800] "POST /item/param/save/3 HTTP/1.0" 200 47 http-bio-8091-exec-4 76
0:0:0:0:0:0:0:1 - - [29/Mar/2019:19:20:26 +0800] "GET /item/param/list?page=1&rows=30 HTTP/1.0" 200 729 http-bio-8091-exec-3 16
127.0.0.1 - - [29/Mar/2019:19:23:06 +0800] "GET /web/item/findItemById/562379 HTTP/1.0" 200 429 http-bio-8091-exec-1 568
0:0:0:0:0:0:0:1 - - [29/Mar/2019:19:23:06 +0800] "GET /web/item/findItemDescById/562379 HTTP/1.0" 200 11334 http-bio-8091-exec-2 28
127.0.0.1 - - [29/Mar/2019:19:26:28 +0800] "GET /web/item/findItemById/1297408 HTTP/1.0" 200 432 http-bio-8091-exec-3 13
0:0:0:0:0:0:0:1 - - [29/Mar/2019:19:26:28 +0800] "GET /web/item/findItemDescById/1297408 HTTP/1.0" 200 2365 http-bio-8091-exec-4 5
127.0.0.1 - - [29/Mar/2019:19:26:56 +0800] "GET /web/item/findItemById/1297408 HTTP/1.0" 200 432 http-bio-8091-exec-5 3
0:0:0:0:0:0:0:1 - - [29/Mar/2019:19:26:56 +0800] "GET /web/item/findItemDescById/1297408 HTTP/1.0" 200 2365 http-bio-8091-exec-6 3
127.0.0.1 - - [29/Mar/2019:19:42:45 +0800] "GET /index HTTP/1.0" 200 2477 http-bio-8091-exec-7 157
0:0:0:0:0:0:0:1 - - [29/Mar/2019:19:42:45 +0800] "GET /css/jt.css HTTP/1.0" 200 421 http-bio-8091-exec-10 28
127.0.0.1 - - [29/Mar/2019:19:42:45 +0800] "GET /js/jquery-easyui-1.4.1/locale/easyui-lang-zh_CN.js HTTP/1.0" 200 2487 http-bio-8091-exec-3 49
0:0:0:0:0:0:0:1 - - [29/Mar/2019:19:42:45 +0800] "GET /js/common.js HTTP/1.0" 200 8200 http-bio-8091-exec-4 63
127.0.0.1 - - [29/Mar/2019:19:42:46 +0800] "GET /js/jquery-easyui-1.4.1/themes/icon.css HTTP/1.0" 200 2504 http-bio-8091-exec-9 114
0:0:0:0:0:0:0:1 - - [29/Mar/2019:19:42:46 +0800] "GET /js/jquery-easyui-1.4.1/themes/default/easyui.css HTTP/1.0" 200 51951 http-bio-8091-exec-8 126
127.0.0.1 - - [29/Mar/2019:19:42:46 +0800] "GET /js/jquery-easyui-1.4.1/jquery.min.js HTTP/1.0" 200 95786 http-bio-8091-exec-1 296
0:0:0:0:0:0:0:1 - - [29/Mar/2019:19:42:46 +0800] "GET /js/jquery-easyui-1.4.1/jquery.easyui.min.js HTTP/1.0" 200 353674 http-bio-8091-exec-2 390
0:0:0:0:0:0:0:1 - - [29/Mar/2019:19:42:46 +0800] "GET /js/jquery-easyui-1.4.1/themes/default/images/blank.gif HTTP/1.0" 200 43 http-bio-8091-exec-6 7
0:0:0:0:0:0:0:1 - - [29/Mar/2019:19:42:46 +0800] "GET /js/jquery-easyui-1.4.1/themes/default/images/layout_arrows.png HTTP/1.0" 200 319 http-bio-8091-exec-10 3
127.0.0.1 - - [29/Mar/2019:19:42:46 +0800] "GET /js/jquery-easyui-1.4.1/themes/default/images/panel_tools.png HTTP/1.0" 200 852 http-bio-8091-exec-7 25
127.0.0.1 - - [29/Mar/2019:19:42:46 +0800] "GET /js/jquery-easyui-1.4.1/themes/default/images/tree_icons.png HTTP/1.0" 200 3115 http-bio-8091-exec-5 32
127.0.0.1 - - [29/Mar/2019:19:42:46 +0800] "GET /js/jquery-easyui-1.4.1/themes/default/images/tabs_icons.png HTTP/1.0" 200 150 http-bio-8091-exec-3 3
0:0:0:0:0:0:0:1 - - [29/Mar/2019:19:42:46 +0800] "GET /favicon.ico HTTP/1.0" 404 973 http-bio-8091-exec-4 4
127.0.0.1 - - [29/Mar/2019:19:42:47 +0800] "GET /page/item-add?_=1553859766218 HTTP/1.0" 200 4562 http-bio-8091-exec-9 44
0:0:0:0:0:0:0:1 - - [29/Mar/2019:19:42:47 +0800] "GET /js/jquery-easyui-1.4.1/themes/default/images/loading.gif HTTP/1.0" 200 1737 http-bio-8091-exec-8 63
127.0.0.1 - - [29/Mar/2019:19:42:47 +0800] "GET /js/kindeditor-4.1.10/themes/default/default.css HTTP/1.0" 200 21967 http-bio-8091-exec-1 41
0:0:0:0:0:0:0:1 - - [29/Mar/2019:19:42:47 +0800] "GET /js/kindeditor-4.1.10/kindeditor-all-min.js?_=1553859766219 HTTP/1.0" 200 179915 http-bio-8091-exec-2 110
127.0.0.1 - - [29/Mar/2019:19:42:47 +0800] "GET /js/kindeditor-4.1.10/lang/zh_CN.js?_=1553859766220 HTTP/1.0" 200 8488 http-bio-8091-exec-6 21
0:0:0:0:0:0:0:1 - - [29/Mar/2019:19:42:47 +0800] "GET /js/kindeditor-4.1.10/themes/default/default.png HTTP/1.0" 200 8299 http-bio-8091-exec-10 4
127.0.0.1 - - [29/Mar/2019:19:42:48 +0800] "GET /js/jquery-easyui-1.4.1/themes/icons/filesave.png HTTP/1.0" 200 898 http-bio-8091-exec-7 4
0:0:0:0:0:0:0:1 - - [29/Mar/2019:19:42:48 +0800] "POST /item/cat/list HTTP/1.0" 200 965 http-bio-8091-exec-5 105
127.0.0.1 - - [29/Mar/2019:19:42:49 +0800] "POST /item/cat/list HTTP/1.0" 200 545 http-bio-8091-exec-3 8
0:0:0:0:0:0:0:1 - - [29/Mar/2019:19:42:51 +0800] "POST /item/cat/list HTTP/1.0" 200 128 http-bio-8091-exec-4 5
127.0.0.1 - - [29/Mar/2019:19:42:52 +0800] "GET /item/param/query/itemcatid/8 HTTP/1.0" 200 304 http-bio-8091-exec-9 16
0:0:0:0:0:0:0:1 - - [29/Mar/2019:19:42:57 +0800] "GET /page/content?_=1553859766221 HTTP/1.0" 200 4224 http-bio-8091-exec-8 42
127.0.0.1 - - [29/Mar/2019:19:42:57 +0800] "GET /content/category/list HTTP/1.0" 200 49 http-bio-8091-exec-1 7
0:0:0:0:0:0:0:1 - - [29/Mar/2019:19:42:57 +0800] "GET /content/category/list HTTP/1.0" 200 49 http-bio-8091-exec-2 4
0:0:0:0:0:0:0:1 - - [29/Mar/2019:19:42:57 +0800] "GET /js/jquery-easyui-1.4.1/themes/icons/pencil.png HTTP/1.0" 200 713 http-bio-8091-exec-10 4
127.0.0.1 - - [29/Mar/2019:19:42:57 +0800] "GET /js/jquery-easyui-1.4.1/themes/icons/edit_add.png HTTP/1.0" 200 1088 http-bio-8091-exec-6 11
127.0.0.1 - - [29/Mar/2019:19:42:57 +0800] "GET /js/jquery-easyui-1.4.1/themes/icons/cancel.png HTTP/1.0" 200 1133 http-bio-8091-exec-7 8
0:0:0:0:0:0:0:1 - - [29/Mar/2019:19:42:57 +0800] "GET /js/jquery-easyui-1.4.1/themes/default/images/pagination_icons.png HTTP/1.0" 200 628 http-bio-8091-exec-5 6
127.0.0.1 - - [29/Mar/2019:19:42:57 +0800] "GET /content/query/list?categoryId=0&page=1&rows=20 HTTP/1.0" 200 4299 http-bio-8091-exec-3 24
0:0:0:0:0:0:0:1 - - [29/Mar/2019:19:42:59 +0800] "GET /page/content-category?_=1553859766222 HTTP/1.0" 200 2342 http-bio-8091-exec-4 24
127.0.0.1 - - [29/Mar/2019:19:42:59 +0800] "GET /content/category/list HTTP/1.0" 200 49 http-bio-8091-exec-9 4
0:0:0:0:0:0:0:1 - - [29/Mar/2019:19:42:59 +0800] "GET /js/jquery-easyui-1.4.1/themes/icons/edit_remove.png HTTP/1.0" 200 625 http-bio-8091-exec-8 4
127.0.0.1 - - [29/Mar/2019:19:42:59 +0800] "GET /content/category/list HTTP/1.0" 200 49 http-bio-8091-exec-1 10
0:0:0:0:0:0:0:1 - - [29/Mar/2019:19:43:01 +0800] "GET /page/item-param-list?_=1553859766223 HTTP/1.0" 200 2818 http-bio-8091-exec-2 45
127.0.0.1 - - [29/Mar/2019:19:43:01 +0800] "GET /item/param/list?page=1&rows=30 HTTP/1.0" 200 729 http-bio-8091-exec-10 8
0:0:0:0:0:0:0:1 - - [29/Mar/2019:19:43:07 +0800] "GET /js/jquery-easyui-1.4.1/themes/default/images/messager_icons.png HTTP/1.0" 200 6116 http-bio-8091-exec-6 3
127.0.0.1 - - [29/Mar/2019:19:43:09 +0800] "POST /item/param/delete HTTP/1.0" 200 47 http-bio-8091-exec-7 57
0:0:0:0:0:0:0:1 - - [29/Mar/2019:19:43:09 +0800] "GET /item/param/list?page=1&rows=30 HTTP/1.0" 200 640 http-bio-8091-exec-5 10
127.0.0.1 - - [29/Mar/2019:19:43:15 +0800] "POST /item/param/delete HTTP/1.0" 200 47 http-bio-8091-exec-3 102
0:0:0:0:0:0:0:1 - - [29/Mar/2019:19:43:16 +0800] "GET /item/param/list?page=1&rows=30 HTTP/1.0" 200 282 http-bio-8091-exec-4 6
0:0:0:0:0:0:0:1 - - [29/Mar/2019:19:43:18 +0800] "GET /page/item-param-add?_=1553859766225 HTTP/1.0" 200 3516 http-bio-8091-exec-8 172
127.0.0.1 - - [29/Mar/2019:19:43:18 +0800] "GET /page/item-param-add?_=1553859766224 HTTP/1.0" 200 3516 http-bio-8091-exec-9 177
127.0.0.1 - - [29/Mar/2019:19:43:19 +0800] "POST /item/cat/list HTTP/1.0" 200 965 http-bio-8091-exec-1 3
0:0:0:0:0:0:0:1 - - [29/Mar/2019:19:43:19 +0800] "POST /item/cat/list HTTP/1.0" 200 248 http-bio-8091-exec-2 6
127.0.0.1 - - [29/Mar/2019:19:43:20 +0800] "POST /item/cat/list HTTP/1.0" 200 839 http-bio-8091-exec-10 8
0:0:0:0:0:0:0:1 - - [29/Mar/2019:19:43:21 +0800] "GET /item/param/query/itemcatid/90 HTTP/1.0" 200 304 http-bio-8091-exec-6 5
127.0.0.1 - - [29/Mar/2019:19:43:22 +0800] "POST /item/cat/list HTTP/1.0" 200 965 http-bio-8091-exec-7 5
0:0:0:0:0:0:0:1 - - [29/Mar/2019:19:43:28 +0800] "GET /index HTTP/1.0" 200 2477 http-bio-8091-exec-5 2
127.0.0.1 - - [29/Mar/2019:19:43:28 +0800] "GET /js/jquery-easyui-1.4.1/themes/default/easyui.css HTTP/1.0" 200 51951 http-bio-8091-exec-3 2
0:0:0:0:0:0:0:1 - - [29/Mar/2019:19:43:28 +0800] "GET /js/jquery-easyui-1.4.1/themes/icon.css HTTP/1.0" 200 2504 http-bio-8091-exec-4 3
127.0.0.1 - - [29/Mar/2019:19:43:28 +0800] "GET /css/jt.css HTTP/1.0" 200 421 http-bio-8091-exec-8 4
0:0:0:0:0:0:0:1 - - [29/Mar/2019:19:43:28 +0800] "GET /js/jquery-easyui-1.4.1/jquery.min.js HTTP/1.0" 200 95786 http-bio-8091-exec-8 11
127.0.0.1 - - [29/Mar/2019:19:43:28 +0800] "GET /js/jquery-easyui-1.4.1/jquery.easyui.min.js HTTP/1.0" 200 353674 http-bio-8091-exec-4 11
0:0:0:0:0:0:0:1 - - [29/Mar/2019:19:43:28 +0800] "GET /js/jquery-easyui-1.4.1/locale/easyui-lang-zh_CN.js HTTP/1.0" 200 2487 http-bio-8091-exec-2 3
127.0.0.1 - - [29/Mar/2019:19:43:28 +0800] "GET /js/common.js HTTP/1.0" 200 8200 http-bio-8091-exec-10 3
0:0:0:0:0:0:0:1 - - [29/Mar/2019:19:43:28 +0800] "GET /js/jquery-easyui-1.4.1/themes/default/images/tree_icons.png HTTP/1.0" 200 3115 http-bio-8091-exec-6 2
127.0.0.1 - - [29/Mar/2019:19:43:28 +0800] "GET /js/jquery-easyui-1.4.1/themes/default/images/blank.gif HTTP/1.0" 200 43 http-bio-8091-exec-7 1
0:0:0:0:0:0:0:1 - - [29/Mar/2019:19:43:28 +0800] "GET /js/jquery-easyui-1.4.1/themes/default/images/panel_tools.png HTTP/1.0" 200 852 http-bio-8091-exec-5 1
127.0.0.1 - - [29/Mar/2019:19:43:28 +0800] "GET /js/jquery-easyui-1.4.1/themes/default/images/layout_arrows.png HTTP/1.0" 200 319 http-bio-8091-exec-3 2
0:0:0:0:0:0:0:1 - - [29/Mar/2019:19:43:28 +0800] "GET /js/jquery-easyui-1.4.1/themes/default/images/tabs_icons.png HTTP/1.0" 200 150 http-bio-8091-exec-9 2
127.0.0.1 - - [29/Mar/2019:19:43:28 +0800] "GET /favicon.ico HTTP/1.0" 404 973 http-bio-8091-exec-8 5
0:0:0:0:0:0:0:1 - - [29/Mar/2019:19:43:33 +0800] "GET /web/item/findItemById/1297408 HTTP/1.0" 200 432 http-bio-8091-exec-1 8
127.0.0.1 - - [29/Mar/2019:19:43:33 +0800] "GET /web/item/findItemDescById/1297408 HTTP/1.0" 200 2365 http-bio-8091-exec-4 4
0:0:0:0:0:0:0:1 - - [29/Mar/2019:19:46:47 +0800] "GET /web/item/findItemById/1297408 HTTP/1.0" 200 432 http-bio-8091-exec-2 6
127.0.0.1 - - [29/Mar/2019:19:46:47 +0800] "GET /web/item/findItemDescById/1297408 HTTP/1.0" 200 2365 http-bio-8091-exec-10 3
0:0:0:0:0:0:0:1 - - [29/Mar/2019:19:56:28 +0800] "GET /index HTTP/1.0" 200 2477 http-bio-8091-exec-1 340
127.0.0.1 - - [29/Mar/2019:19:56:28 +0800] "GET /css/jt.css HTTP/1.0" 200 421 http-bio-8091-exec-4 17
0:0:0:0:0:0:0:1 - - [29/Mar/2019:19:56:28 +0800] "GET /js/jquery-easyui-1.4.1/locale/easyui-lang-zh_CN.js HTTP/1.0" 200 2487 http-bio-8091-exec-7 69
0:0:0:0:0:0:0:1 - - [29/Mar/2019:19:56:28 +0800] "GET /js/jquery-easyui-1.4.1/themes/icon.css HTTP/1.0" 200 2504 http-bio-8091-exec-3 88
127.0.0.1 - - [29/Mar/2019:19:56:28 +0800] "GET /js/jquery-easyui-1.4.1/themes/default/easyui.css HTTP/1.0" 200 51951 http-bio-8091-exec-2 101
127.0.0.1 - - [29/Mar/2019:19:56:28 +0800] "GET /js/common.js HTTP/1.0" 200 8200 http-bio-8091-exec-8 132
0:0:0:0:0:0:0:1 - - [29/Mar/2019:19:56:28 +0800] "GET /js/jquery-easyui-1.4.1/jquery.min.js HTTP/1.0" 200 95786 http-bio-8091-exec-5 214
127.0.0.1 - - [29/Mar/2019:19:56:28 +0800] "GET /js/jquery-easyui-1.4.1/jquery.easyui.min.js HTTP/1.0" 200 353674 http-bio-8091-exec-6 244
0:0:0:0:0:0:0:1 - - [29/Mar/2019:19:56:28 +0800] "GET /js/jquery-easyui-1.4.1/themes/default/images/panel_tools.png HTTP/1.0" 200 852 http-bio-8091-exec-1 7
0:0:0:0:0:0:0:1 - - [29/Mar/2019:19:56:28 +0800] "GET /js/jquery-easyui-1.4.1/themes/default/images/tree_icons.png HTTP/1.0" 200 3115 http-bio-8091-exec-9 17
127.0.0.1 - - [29/Mar/2019:19:56:28 +0800] "GET /js/jquery-easyui-1.4.1/themes/default/images/blank.gif HTTP/1.0" 200 43 http-bio-8091-exec-10 10
127.0.0.1 - - [29/Mar/2019:19:56:28 +0800] "GET /js/jquery-easyui-1.4.1/themes/default/images/layout_arrows.png HTTP/1.0" 200 319 http-bio-8091-exec-4 6
0:0:0:0:0:0:0:1 - - [29/Mar/2019:19:56:28 +0800] "GET /js/jquery-easyui-1.4.1/themes/default/images/tabs_icons.png HTTP/1.0" 200 150 http-bio-8091-exec-7 2
127.0.0.1 - - [29/Mar/2019:19:56:28 +0800] "GET /favicon.ico HTTP/1.0" 404 973 http-bio-8091-exec-3 3
127.0.0.1 - - [29/Mar/2019:19:56:29 +0800] "GET /js/jquery-easyui-1.4.1/themes/default/images/loading.gif HTTP/1.0" 200 1737 http-bio-8091-exec-8 10
0:0:0:0:0:0:0:1 - - [29/Mar/2019:19:56:29 +0800] "GET /page/content-category?_=1553860588513 HTTP/1.0" 200 2342 http-bio-8091-exec-2 99
0:0:0:0:0:0:0:1 - - [29/Mar/2019:19:56:29 +0800] "GET /js/jquery-easyui-1.4.1/themes/icons/edit_remove.png HTTP/1.0" 200 625 http-bio-8091-exec-1 11
127.0.0.1 - - [29/Mar/2019:19:56:29 +0800] "GET /js/jquery-easyui-1.4.1/themes/icons/edit_add.png HTTP/1.0" 200 1088 http-bio-8091-exec-6 16
0:0:0:0:0:0:0:1 - - [29/Mar/2019:19:56:30 +0800] "GET /content/category/list HTTP/1.0" 200 49 http-bio-8091-exec-5 481
127.0.0.1 - - [29/Mar/2019:19:56:30 +0800] "GET /content/category/list HTTP/1.0" 200 49 http-bio-8091-exec-9 6
0:0:0:0:0:0:0:1 - - [29/Mar/2019:19:56:31 +0800] "GET /page/content?_=1553860588514 HTTP/1.0" 200 4224 http-bio-8091-exec-10 47
127.0.0.1 - - [29/Mar/2019:19:56:31 +0800] "GET /content/category/list HTTP/1.0" 200 49 http-bio-8091-exec-4 5
0:0:0:0:0:0:0:1 - - [29/Mar/2019:19:56:31 +0800] "GET /content/category/list HTTP/1.0" 200 49 http-bio-8091-exec-7 5
127.0.0.1 - - [29/Mar/2019:19:56:31 +0800] "GET /js/jquery-easyui-1.4.1/themes/icons/pencil.png HTTP/1.0" 200 713 http-bio-8091-exec-3 4
0:0:0:0:0:0:0:1 - - [29/Mar/2019:19:56:31 +0800] "GET /js/jquery-easyui-1.4.1/themes/icons/cancel.png HTTP/1.0" 200 1133 http-bio-8091-exec-8 4
127.0.0.1 - - [29/Mar/2019:19:56:31 +0800] "GET /js/jquery-easyui-1.4.1/themes/default/images/pagination_icons.png HTTP/1.0" 200 628 http-bio-8091-exec-2 4
0:0:0:0:0:0:0:1 - - [29/Mar/2019:19:56:31 +0800] "GET /content/query/list?categoryId=0&page=1&rows=20 HTTP/1.0" 200 4299 http-bio-8091-exec-1 29
127.0.0.1 - - [29/Mar/2019:19:56:31 +0800] "GET /page/item-param-list?_=1553860588515 HTTP/1.0" 200 2818 http-bio-8091-exec-6 33
0:0:0:0:0:0:0:1 - - [29/Mar/2019:19:56:31 +0800] "GET /js/jquery-easyui-1.4.1/themes/icons/filesave.png HTTP/1.0" 200 898 http-bio-8091-exec-5 17
127.0.0.1 - - [29/Mar/2019:19:56:31 +0800] "GET /item/param/list?page=1&rows=30 HTTP/1.0" 200 282 http-bio-8091-exec-9 19
0:0:0:0:0:0:0:1 - - [29/Mar/2019:19:56:33 +0800] "GET /page/item-add?_=1553860588516 HTTP/1.0" 200 4562 http-bio-8091-exec-10 54
127.0.0.1 - - [29/Mar/2019:19:56:33 +0800] "GET /js/kindeditor-4.1.10/themes/default/default.css HTTP/1.0" 200 21967 http-bio-8091-exec-4 9
0:0:0:0:0:0:0:1 - - [29/Mar/2019:19:56:33 +0800] "GET /js/kindeditor-4.1.10/kindeditor-all-min.js?_=1553860588517 HTTP/1.0" 200 179915 http-bio-8091-exec-7 174
127.0.0.1 - - [29/Mar/2019:19:56:33 +0800] "GET /js/kindeditor-4.1.10/lang/zh_CN.js?_=1553860588518 HTTP/1.0" 200 8488 http-bio-8091-exec-3 256
0:0:0:0:0:0:0:1 - - [29/Mar/2019:19:56:33 +0800] "GET /js/kindeditor-4.1.10/themes/default/default.png HTTP/1.0" 200 8299 http-bio-8091-exec-8 7
127.0.0.1 - - [29/Mar/2019:19:56:35 +0800] "POST /item/cat/list HTTP/1.0" 200 965 http-bio-8091-exec-2 36
0:0:0:0:0:0:0:1 - - [29/Mar/2019:19:56:37 +0800] "POST /item/cat/list HTTP/1.0" 200 545 http-bio-8091-exec-1 8
127.0.0.1 - - [29/Mar/2019:19:56:37 +0800] "POST /item/cat/list HTTP/1.0" 200 185 http-bio-8091-exec-6 6
0:0:0:0:0:0:0:1 - - [29/Mar/2019:19:56:38 +0800] "GET /item/param/query/itemcatid/3 HTTP/1.0" 200 304 http-bio-8091-exec-5 9
127.0.0.1 - - [29/Mar/2019:19:56:54 +0800] "POST /item/save HTTP/1.0" 200 47 http-bio-8091-exec-9 90
0:0:0:0:0:0:0:1 - - [29/Mar/2019:19:56:54 +0800] "GET /js/jquery-easyui-1.4.1/themes/default/images/messager_icons.png HTTP/1.0" 200 6116 http-bio-8091-exec-10 18
127.0.0.1 - - [29/Mar/2019:19:56:55 +0800] "GET /index HTTP/1.0" 200 2477 http-bio-8091-exec-4 6
0:0:0:0:0:0:0:1 - - [29/Mar/2019:19:56:58 +0800] "GET /page/item-param-list?_=1553860615887 HTTP/1.0" 200 2818 http-bio-8091-exec-7 2
127.0.0.1 - - [29/Mar/2019:19:56:58 +0800] "GET /item/param/list?page=1&rows=30 HTTP/1.0" 200 282 http-bio-8091-exec-3 8
127.0.0.1 - - [29/Mar/2019:19:56:59 +0800] "GET /page/item-param-add?_=1553860615889 HTTP/1.0" 200 3516 http-bio-8091-exec-2 82
0:0:0:0:0:0:0:1 - - [29/Mar/2019:19:56:59 +0800] "GET /page/item-param-add?_=1553860615888 HTTP/1.0" 200 3516 http-bio-8091-exec-8 85
0:0:0:0:0:0:0:1 - - [29/Mar/2019:19:57:00 +0800] "POST /item/cat/list HTTP/1.0" 200 965 http-bio-8091-exec-1 3
127.0.0.1 - - [29/Mar/2019:19:57:01 +0800] "POST /item/cat/list HTTP/1.0" 200 248 http-bio-8091-exec-6 7
0:0:0:0:0:0:0:1 - - [29/Mar/2019:19:57:01 +0800] "POST /item/cat/list HTTP/1.0" 200 610 http-bio-8091-exec-5 9
127.0.0.1 - - [29/Mar/2019:19:57:02 +0800] "GET /item/param/query/itemcatid/76 HTTP/1.0" 200 304 http-bio-8091-exec-9 4
0:0:0:0:0:0:0:1 - - [29/Mar/2019:19:57:04 +0800] "POST /item/cat/list HTTP/1.0" 200 965 http-bio-8091-exec-10 3
127.0.0.1 - - [29/Mar/2019:19:57:07 +0800] "POST /item/param/save/76 HTTP/1.0" 200 47 http-bio-8091-exec-4 45
0:0:0:0:0:0:0:1 - - [29/Mar/2019:19:57:08 +0800] "GET /item/param/list?page=1&rows=30 HTTP/1.0" 200 372 http-bio-8091-exec-7 8
127.0.0.1 - - [29/Mar/2019:19:57:12 +0800] "POST /item/param/delete HTTP/1.0" 200 47 http-bio-8091-exec-3 65
0:0:0:0:0:0:0:1 - - [29/Mar/2019:19:57:14 +0800] "GET /item/param/list?page=1&rows=30 HTTP/1.0" 200 282 http-bio-8091-exec-2 5
127.0.0.1 - - [29/Mar/2019:19:57:16 +0800] "GET /page/content-category?_=1553860615890 HTTP/1.0" 200 2342 http-bio-8091-exec-8 2
0:0:0:0:0:0:0:1 - - [29/Mar/2019:19:57:16 +0800] "GET /content/category/list HTTP/1.0" 200 49 http-bio-8091-exec-1 4
127.0.0.1 - - [29/Mar/2019:19:57:16 +0800] "GET /content/category/list HTTP/1.0" 200 49 http-bio-8091-exec-6 5
0:0:0:0:0:0:0:1 - - [29/Mar/2019:19:57:18 +0800] "GET /page/content?_=1553860615891 HTTP/1.0" 200 4224 http-bio-8091-exec-5 2
127.0.0.1 - - [29/Mar/2019:19:57:18 +0800] "GET /content/category/list HTTP/1.0" 200 49 http-bio-8091-exec-9 5
0:0:0:0:0:0:0:1 - - [29/Mar/2019:19:57:18 +0800] "GET /content/category/list HTTP/1.0" 200 49 http-bio-8091-exec-10 3
127.0.0.1 - - [29/Mar/2019:19:57:18 +0800] "GET /content/query/list?categoryId=0&page=1&rows=20 HTTP/1.0" 200 4299 http-bio-8091-exec-4 12
0:0:0:0:0:0:0:1 - - [29/Mar/2019:19:57:48 +0800] "GET /content/query/list?categoryId=0&page=1&rows=30 HTTP/1.0" 200 4299 http-bio-8091-exec-7 8
127.0.0.1 - - [29/Mar/2019:19:58:07 +0800] "GET /web/item/findItemById/1297408 HTTP/1.0" 200 432 http-bio-8091-exec-3 7
0:0:0:0:0:0:0:1 - - [29/Mar/2019:19:58:08 +0800] "GET /web/item/findItemDescById/1297408 HTTP/1.0" 200 2365 http-bio-8091-exec-2 5
127.0.0.1 - - [29/Mar/2019:19:58:44 +0800] "GET /web/item/findItemById/562379 HTTP/1.0" 200 429 http-bio-8091-exec-8 5
0:0:0:0:0:0:0:1 - - [29/Mar/2019:19:58:44 +0800] "GET /web/item/findItemDescById/562379 HTTP/1.0" 200 11334 http-bio-8091-exec-1 7
127.0.0.1 - - [29/Mar/2019:20:09:59 +0800] "GET /index HTTP/1.0" 200 2477 http-bio-8091-exec-1 197
0:0:0:0:0:0:0:1 - - [29/Mar/2019:20:09:59 +0800] "GET /css/jt.css HTTP/1.0" 200 421 http-bio-8091-exec-4 28
0:0:0:0:0:0:0:1 - - [29/Mar/2019:20:09:59 +0800] "GET /js/jquery-easyui-1.4.1/themes/default/easyui.css HTTP/1.0" 200 51951 http-bio-8091-exec-2 56
127.0.0.1 - - [29/Mar/2019:20:09:59 +0800] "GET /js/jquery-easyui-1.4.1/locale/easyui-lang-zh_CN.js HTTP/1.0" 200 2487 http-bio-8091-exec-7 74
127.0.0.1 - - [29/Mar/2019:20:09:59 +0800] "GET /js/jquery-easyui-1.4.1/themes/icon.css HTTP/1.0" 200 2504 http-bio-8091-exec-3 100
0:0:0:0:0:0:0:1 - - [29/Mar/2019:20:09:59 +0800] "GET /js/common.js HTTP/1.0" 200 8200 http-bio-8091-exec-8 60
127.0.0.1 - - [29/Mar/2019:20:09:59 +0800] "GET /js/jquery-easyui-1.4.1/jquery.min.js HTTP/1.0" 200 95786 http-bio-8091-exec-5 161
0:0:0:0:0:0:0:1 - - [29/Mar/2019:20:09:59 +0800] "GET /js/jquery-easyui-1.4.1/jquery.easyui.min.js HTTP/1.0" 200 353674 http-bio-8091-exec-6 167
0:0:0:0:0:0:0:1 - - [29/Mar/2019:20:10:00 +0800] "GET /js/jquery-easyui-1.4.1/themes/default/images/layout_arrows.png HTTP/1.0" 200 319 http-bio-8091-exec-4 4
0:0:0:0:0:0:0:1 - - [29/Mar/2019:20:10:00 +0800] "GET /js/jquery-easyui-1.4.1/themes/default/images/blank.gif HTTP/1.0" 200 43 http-bio-8091-exec-10 11
127.0.0.1 - - [29/Mar/2019:20:10:00 +0800] "GET /js/jquery-easyui-1.4.1/themes/default/images/tree_icons.png HTTP/1.0" 200 3115 http-bio-8091-exec-9 41
127.0.0.1 - - [29/Mar/2019:20:10:00 +0800] "GET /js/jquery-easyui-1.4.1/themes/default/images/tabs_icons.png HTTP/1.0" 200 150 http-bio-8091-exec-2 7
127.0.0.1 - - [29/Mar/2019:20:10:00 +0800] "GET /js/jquery-easyui-1.4.1/themes/default/images/panel_tools.png HTTP/1.0" 200 852 http-bio-8091-exec-1 44
0:0:0:0:0:0:0:1 - - [29/Mar/2019:20:10:00 +0800] "GET /favicon.ico HTTP/1.0" 404 973 http-bio-8091-exec-7 4
0:0:0:0:0:0:0:1 - - [29/Mar/2019:20:10:01 +0800] "GET /js/jquery-easyui-1.4.1/themes/default/images/loading.gif HTTP/1.0" 200 1737 http-bio-8091-exec-8 7
127.0.0.1 - - [29/Mar/2019:20:10:01 +0800] "GET /page/item-add?_=1553861399915 HTTP/1.0" 200 4562 http-bio-8091-exec-3 50
127.0.0.1 - - [29/Mar/2019:20:10:01 +0800] "GET /js/kindeditor-4.1.10/themes/default/default.css HTTP/1.0" 200 21967 http-bio-8091-exec-5 18
0:0:0:0:0:0:0:1 - - [29/Mar/2019:20:10:01 +0800] "GET /js/kindeditor-4.1.10/kindeditor-all-min.js?_=1553861399916 HTTP/1.0" 200 179915 http-bio-8091-exec-6 120
127.0.0.1 - - [29/Mar/2019:20:10:01 +0800] "GET /js/kindeditor-4.1.10/lang/zh_CN.js?_=1553861399917 HTTP/1.0" 200 8488 http-bio-8091-exec-4 17
0:0:0:0:0:0:0:1 - - [29/Mar/2019:20:10:01 +0800] "GET /js/kindeditor-4.1.10/themes/default/default.png HTTP/1.0" 200 8299 http-bio-8091-exec-10 22
127.0.0.1 - - [29/Mar/2019:20:10:02 +0800] "GET /js/jquery-easyui-1.4.1/themes/icons/filesave.png HTTP/1.0" 200 898 http-bio-8091-exec-9 3
0:0:0:0:0:0:0:1 - - [29/Mar/2019:20:10:02 +0800] "POST /item/cat/list HTTP/1.0" 200 965 http-bio-8091-exec-2 532
127.0.0.1 - - [29/Mar/2019:20:10:03 +0800] "POST /item/cat/list HTTP/1.0" 200 352 http-bio-8091-exec-1 9
0:0:0:0:0:0:0:1 - - [29/Mar/2019:20:10:04 +0800] "POST /item/cat/list HTTP/1.0" 200 389 http-bio-8091-exec-7 6
127.0.0.1 - - [29/Mar/2019:20:10:05 +0800] "GET /item/param/query/itemcatid/163 HTTP/1.0" 200 304 http-bio-8091-exec-8 20
0:0:0:0:0:0:0:1 - - [29/Mar/2019:20:10:35 +0800] "GET /web/item/findItemById/562379 HTTP/1.0" 200 429 http-bio-8091-exec-3 14
127.0.0.1 - - [29/Mar/2019:20:10:35 +0800] "GET /web/item/findItemDescById/562379 HTTP/1.0" 200 11334 http-bio-8091-exec-5 21
0:0:0:0:0:0:0:1 - - [29/Mar/2019:20:11:20 +0800] "GET /web/item/findItemById/562379 HTTP/1.0" 200 429 http-bio-8091-exec-6 12
127.0.0.1 - - [29/Mar/2019:20:11:20 +0800] "GET /web/item/findItemDescById/562379 HTTP/1.0" 200 11334 http-bio-8091-exec-4 7
0:0:0:0:0:0:0:1 - - [29/Mar/2019:20:20:00 +0800] "GET /items/param/item/1281107 HTTP/1.1" 404 1017 http-bio-8091-exec-10 75
0:0:0:0:0:0:0:1 - - [29/Mar/2019:20:20:01 +0800] "GET /favicon.ico HTTP/1.1" 404 973 http-bio-8091-exec-10 2
0:0:0:0:0:0:0:1 - - [29/Mar/2019:20:25:41 +0800] "GET /item/param/list?page=1&rows=30 HTTP/1.1" 200 294 http-bio-8091-exec-7 17
0:0:0:0:0:0:0:1 - - [29/Mar/2019:20:25:48 +0800] "GET /web/item/findItemById/562379 HTTP/1.0" 200 429 http-bio-8091-exec-5 6
127.0.0.1 - - [29/Mar/2019:20:25:48 +0800] "GET /web/item/findItemDescById/562379 HTTP/1.0" 200 11334 http-bio-8091-exec-6 6
0:0:0:0:0:0:0:1 - - [29/Mar/2019:20:37:50 +0800] "GET /web/item/findItemById/562379 HTTP/1.0" 200 429 http-bio-8091-exec-4 7
127.0.0.1 - - [29/Mar/2019:20:37:50 +0800] "GET /web/item/findItemDescById/562379 HTTP/1.0" 200 11334 http-bio-8091-exec-2 10
0:0:0:0:0:0:0:1 - - [29/Mar/2019:20:38:44 +0800] "GET /web/item/findItemById/1474391928 HTTP/1.0" 200 - http-bio-8091-exec-1 16
127.0.0.1 - - [29/Mar/2019:20:38:59 +0800] "GET /web/item/findItemById/562379 HTTP/1.0" 200 429 http-bio-8091-exec-9 7
0:0:0:0:0:0:0:1 - - [29/Mar/2019:20:38:59 +0800] "GET /web/item/findItemDescById/562379 HTTP/1.0" 200 11334 http-bio-8091-exec-10 13
127.0.0.1 - - [29/Mar/2019:20:39:05 +0800] "GET /web/item/findItemById/562379 HTTP/1.0" 200 429 http-bio-8091-exec-3 7
0:0:0:0:0:0:0:1 - - [29/Mar/2019:20:39:05 +0800] "GET /web/item/findItemDescById/562379 HTTP/1.0" 200 11334 http-bio-8091-exec-5 6
127.0.0.1 - - [29/Mar/2019:20:39:09 +0800] "GET /web/item/findItemById/1474391928 HTTP/1.0" 200 - http-bio-8091-exec-6 6
0:0:0:0:0:0:0:1 - - [29/Mar/2019:20:39:45 +0800] "GET /web/item/findItemById/1474391928 HTTP/1.0" 200 - http-bio-8091-exec-8 7
127.0.0.1 - - [29/Mar/2019:20:39:48 +0800] "GET /web/item/findItemById/562379 HTTP/1.0" 200 429 http-bio-8091-exec-7 4
0:0:0:0:0:0:0:1 - - [29/Mar/2019:20:39:48 +0800] "GET /web/item/findItemDescById/562379 HTTP/1.0" 200 11334 http-bio-8091-exec-4 7
127.0.0.1 - - [29/Mar/2019:20:42:08 +0800] "GET /web/item/findItemById/1474391964 HTTP/1.0" 200 263 http-bio-8091-exec-2 6
0:0:0:0:0:0:0:1 - - [29/Mar/2019:20:42:08 +0800] "GET /web/item/findItemDescById/1474391964 HTTP/1.0" 200 84 http-bio-8091-exec-1 4
127.0.0.1 - - [29/Mar/2019:20:54:30 +0800] "GET /web/item/findItemById/1474391964 HTTP/1.0" 200 263 http-bio-8091-exec-9 6
0:0:0:0:0:0:0:1 - - [29/Mar/2019:20:54:30 +0800] "GET /web/item/findItemDescById/1474391964 HTTP/1.0" 200 84 http-bio-8091-exec-10 6
