0:0:0:0:0:0:0:1 - - [22/Mar/2019:14:43:53 +0800] "GET /index HTTP/1.0" 200 2477 http-bio-8091-exec-1 361
0:0:0:0:0:0:0:1 - - [22/Mar/2019:14:43:54 +0800] "GET /js/jquery-easyui-1.4.1/locale/easyui-lang-zh_CN.js HTTP/1.0" 200 2487 http-bio-8091-exec-7 196
127.0.0.1 - - [22/Mar/2019:14:43:54 +0800] "GET /js/jquery-easyui-1.4.1/themes/icon.css HTTP/1.0" 200 2504 http-bio-8091-exec-3 209
0:0:0:0:0:0:0:1 - - [22/Mar/2019:14:43:54 +0800] "GET /js/jquery-easyui-1.4.1/themes/default/easyui.css HTTP/1.0" 200 51951 http-bio-8091-exec-2 372
0:0:0:0:0:0:0:1 - - [22/Mar/2019:14:43:54 +0800] "GET /css/jt.css HTTP/1.0" 200 421 http-bio-8091-exec-4 519
0:0:0:0:0:0:0:1 - - [22/Mar/2019:14:43:54 +0800] "GET /js/jquery-easyui-1.4.1/jquery.min.js HTTP/1.0" 200 95786 http-bio-8091-exec-5 661
0:0:0:0:0:0:0:1 - - [22/Mar/2019:14:43:54 +0800] "GET /js/common.js HTTP/1.0" 200 8200 http-bio-8091-exec-8 436
0:0:0:0:0:0:0:1 - - [22/Mar/2019:14:43:54 +0800] "GET /js/jquery-easyui-1.4.1/jquery.easyui.min.js HTTP/1.0" 200 353674 http-bio-8091-exec-6 816
0:0:0:0:0:0:0:1 - - [22/Mar/2019:14:43:55 +0800] "GET /js/jquery-easyui-1.4.1/themes/default/images/layout_arrows.png HTTP/1.0" 200 319 http-bio-8091-exec-7 38
127.0.0.1 - - [22/Mar/2019:14:43:55 +0800] "GET /js/jquery-easyui-1.4.1/themes/default/images/tabs_icons.png HTTP/1.0" 200 150 http-bio-8091-exec-3 18
0:0:0:0:0:0:0:1 - - [22/Mar/2019:14:43:55 +0800] "GET /js/jquery-easyui-1.4.1/themes/default/images/blank.gif HTTP/1.0" 200 43 http-bio-8091-exec-10 42
127.0.0.1 - - [22/Mar/2019:14:43:55 +0800] "GET /js/jquery-easyui-1.4.1/themes/default/images/tree_icons.png HTTP/1.0" 200 3115 http-bio-8091-exec-9 78
127.0.0.1 - - [22/Mar/2019:14:43:55 +0800] "GET /js/jquery-easyui-1.4.1/themes/default/images/panel_tools.png HTTP/1.0" 200 852 http-bio-8091-exec-1 74
0:0:0:0:0:0:0:1 - - [22/Mar/2019:14:43:55 +0800] "GET /favicon.ico HTTP/1.0" 404 973 http-bio-8091-exec-2 2
0:0:0:0:0:0:0:1 - - [22/Mar/2019:14:43:59 +0800] "GET /js/jquery-easyui-1.4.1/themes/default/images/loading.gif HTTP/1.0" 200 1737 http-bio-8091-exec-5 61
127.0.0.1 - - [22/Mar/2019:14:43:59 +0800] "GET /page/item-list?_=1553237034589 HTTP/1.0" 200 7096 http-bio-8091-exec-4 81
127.0.0.1 - - [22/Mar/2019:14:43:59 +0800] "GET /js/jquery-easyui-1.4.1/themes/default/images/pagination_icons.png HTTP/1.0" 200 628 http-bio-8091-exec-7 16
0:0:0:0:0:0:0:1 - - [22/Mar/2019:14:43:59 +0800] "GET /js/jquery-easyui-1.4.1/themes/icons/pencil.png HTTP/1.0" 200 713 http-bio-8091-exec-6 54
0:0:0:0:0:0:0:1 - - [22/Mar/2019:14:43:59 +0800] "GET /js/jquery-easyui-1.4.1/themes/icons/edit_remove.png HTTP/1.0" 200 625 http-bio-8091-exec-10 119
127.0.0.1 - - [22/Mar/2019:14:43:59 +0800] "GET /js/jquery-easyui-1.4.1/themes/icons/cancel.png HTTP/1.0" 200 1133 http-bio-8091-exec-3 127
0:0:0:0:0:0:0:1 - - [22/Mar/2019:14:43:59 +0800] "GET /js/jquery-easyui-1.4.1/themes/icons/filesave.png HTTP/1.0" 200 898 http-bio-8091-exec-9 108
127.0.0.1 - - [22/Mar/2019:14:43:59 +0800] "GET /js/jquery-easyui-1.4.1/themes/icons/edit_add.png HTTP/1.0" 200 1088 http-bio-8091-exec-8 134
127.0.0.1 - - [22/Mar/2019:14:44:00 +0800] "GET /item/query?page=1&rows=20 HTTP/1.0" 200 7956 http-bio-8091-exec-1 776
0:0:0:0:0:0:0:1 - - [22/Mar/2019:14:44:00 +0800] "POST /item/cat/queryItemCatNameById HTTP/1.0" 200 6 http-bio-8091-exec-2 26
127.0.0.1 - - [22/Mar/2019:14:44:00 +0800] "POST /item/cat/queryItemCatNameById HTTP/1.0" 200 9 http-bio-8091-exec-5 6
0:0:0:0:0:0:0:1 - - [22/Mar/2019:14:44:00 +0800] "POST /item/cat/queryItemCatNameById HTTP/1.0" 200 9 http-bio-8091-exec-4 3
127.0.0.1 - - [22/Mar/2019:14:44:00 +0800] "POST /item/cat/queryItemCatNameById HTTP/1.0" 200 9 http-bio-8091-exec-7 3
0:0:0:0:0:0:0:1 - - [22/Mar/2019:14:44:00 +0800] "POST /item/cat/queryItemCatNameById HTTP/1.0" 200 6 http-bio-8091-exec-6 4
127.0.0.1 - - [22/Mar/2019:14:44:00 +0800] "POST /item/cat/queryItemCatNameById HTTP/1.0" 200 6 http-bio-8091-exec-10 4
0:0:0:0:0:0:0:1 - - [22/Mar/2019:14:44:00 +0800] "POST /item/cat/queryItemCatNameById HTTP/1.0" 200 6 http-bio-8091-exec-3 3
127.0.0.1 - - [22/Mar/2019:14:44:00 +0800] "POST /item/cat/queryItemCatNameById HTTP/1.0" 200 9 http-bio-8091-exec-9 3
0:0:0:0:0:0:0:1 - - [22/Mar/2019:14:44:00 +0800] "POST /item/cat/queryItemCatNameById HTTP/1.0" 200 9 http-bio-8091-exec-8 16
127.0.0.1 - - [22/Mar/2019:14:44:00 +0800] "POST /item/cat/queryItemCatNameById HTTP/1.0" 200 12 http-bio-8091-exec-1 4
0:0:0:0:0:0:0:1 - - [22/Mar/2019:14:44:00 +0800] "POST /item/cat/queryItemCatNameById HTTP/1.0" 200 6 http-bio-8091-exec-2 4
127.0.0.1 - - [22/Mar/2019:14:44:00 +0800] "POST /item/cat/queryItemCatNameById HTTP/1.0" 200 6 http-bio-8091-exec-5 4
0:0:0:0:0:0:0:1 - - [22/Mar/2019:14:44:00 +0800] "POST /item/cat/queryItemCatNameById HTTP/1.0" 200 6 http-bio-8091-exec-4 6
127.0.0.1 - - [22/Mar/2019:14:44:00 +0800] "POST /item/cat/queryItemCatNameById HTTP/1.0" 200 6 http-bio-8091-exec-7 7
0:0:0:0:0:0:0:1 - - [22/Mar/2019:14:44:00 +0800] "POST /item/cat/queryItemCatNameById HTTP/1.0" 200 6 http-bio-8091-exec-6 4
127.0.0.1 - - [22/Mar/2019:14:44:00 +0800] "POST /item/cat/queryItemCatNameById HTTP/1.0" 200 6 http-bio-8091-exec-10 3
0:0:0:0:0:0:0:1 - - [22/Mar/2019:14:44:00 +0800] "POST /item/cat/queryItemCatNameById HTTP/1.0" 200 6 http-bio-8091-exec-3 3
127.0.0.1 - - [22/Mar/2019:14:44:00 +0800] "POST /item/cat/queryItemCatNameById HTTP/1.0" 200 6 http-bio-8091-exec-9 3
0:0:0:0:0:0:0:1 - - [22/Mar/2019:14:44:00 +0800] "POST /item/cat/queryItemCatNameById HTTP/1.0" 200 6 http-bio-8091-exec-8 2
127.0.0.1 - - [22/Mar/2019:14:44:00 +0800] "POST /item/cat/queryItemCatNameById HTTP/1.0" 200 6 http-bio-8091-exec-1 3
0:0:0:0:0:0:0:1 - - [22/Mar/2019:14:44:03 +0800] "GET /page/item-param-list?_=1553237034590 HTTP/1.0" 200 2818 http-bio-8091-exec-2 645
127.0.0.1 - - [22/Mar/2019:14:44:03 +0800] "GET /item/param/list?page=1&rows=30 HTTP/1.0" 404 981 http-bio-8091-exec-5 2
0:0:0:0:0:0:0:1 - - [22/Mar/2019:14:44:09 +0800] "GET /page/item-add?_=1553237034591 HTTP/1.0" 200 4562 http-bio-8091-exec-4 68
127.0.0.1 - - [22/Mar/2019:14:44:09 +0800] "GET /js/kindeditor-4.1.10/themes/default/default.css HTTP/1.0" 200 21967 http-bio-8091-exec-7 20
0:0:0:0:0:0:0:1 - - [22/Mar/2019:14:44:09 +0800] "GET /js/kindeditor-4.1.10/kindeditor-all-min.js?_=1553237034592 HTTP/1.0" 200 179915 http-bio-8091-exec-6 179
127.0.0.1 - - [22/Mar/2019:14:44:09 +0800] "GET /js/kindeditor-4.1.10/lang/zh_CN.js?_=1553237034593 HTTP/1.0" 200 8488 http-bio-8091-exec-10 34
0:0:0:0:0:0:0:1 - - [22/Mar/2019:14:44:09 +0800] "GET /js/kindeditor-4.1.10/themes/default/default.png HTTP/1.0" 200 8299 http-bio-8091-exec-3 4
127.0.0.1 - - [22/Mar/2019:14:44:17 +0800] "GET /page/content-category?_=1553237034594 HTTP/1.0" 200 2342 http-bio-8091-exec-9 191
0:0:0:0:0:0:0:1 - - [22/Mar/2019:14:44:17 +0800] "GET /content/category/list HTTP/1.0" 404 993 http-bio-8091-exec-8 2
127.0.0.1 - - [22/Mar/2019:14:44:17 +0800] "GET /content/category/list HTTP/1.0" 404 993 http-bio-8091-exec-1 2
0:0:0:0:0:0:0:1 - - [22/Mar/2019:14:44:18 +0800] "GET /page/content?_=1553237034595 HTTP/1.0" 200 4224 http-bio-8091-exec-2 174
127.0.0.1 - - [22/Mar/2019:14:44:18 +0800] "GET /content/category/list HTTP/1.0" 404 993 http-bio-8091-exec-5 1
0:0:0:0:0:0:0:1 - - [22/Mar/2019:14:44:18 +0800] "GET /content/category/list HTTP/1.0" 404 993 http-bio-8091-exec-4 2
127.0.0.1 - - [22/Mar/2019:14:44:18 +0800] "GET /content/query/list?categoryId=0&page=1&rows=20 HTTP/1.0" 404 987 http-bio-8091-exec-7 2
0:0:0:0:0:0:0:1 - - [22/Mar/2019:14:47:34 +0800] "GET /web/itemcat/all?callback=category.getDataService HTTP/1.0" 404 981 http-bio-8091-exec-6 6
127.0.0.1 - - [22/Mar/2019:15:29:53 +0800] "GET /web/itemcat/all?callback=category.getDataService HTTP/1.0" 404 981 http-bio-8091-exec-10 50
0:0:0:0:0:0:0:1 - - [22/Mar/2019:15:29:56 +0800] "GET /web/itemcat/all?callback=category.getDataService HTTP/1.0" 404 981 http-bio-8091-exec-3 4
127.0.0.1 - - [22/Mar/2019:15:31:22 +0800] "GET /web/item/findItemById/562379 HTTP/1.0" 200 429 http-bio-8091-exec-9 91
0:0:0:0:0:0:0:1 - - [22/Mar/2019:15:31:22 +0800] "GET /web/item/findItemDescById/562379 HTTP/1.0" 200 11334 http-bio-8091-exec-8 73
127.0.0.1 - - [22/Mar/2019:15:53:11 +0800] "GET /web/itemcat/all?callback=category.getDataService HTTP/1.0" 404 981 http-bio-8091-exec-1 3
0:0:0:0:0:0:0:1 - - [22/Mar/2019:15:58:23 +0800] "GET /web/item/findItemById/562379 HTTP/1.0" 200 429 http-bio-8091-exec-2 29
127.0.0.1 - - [22/Mar/2019:15:58:23 +0800] "GET /web/item/findItemDescById/562379 HTTP/1.0" 200 11334 http-bio-8091-exec-5 31
0:0:0:0:0:0:0:1 - - [22/Mar/2019:15:58:51 +0800] "GET /css/jt.css HTTP/1.0" 200 421 http-bio-8091-exec-6 3
127.0.0.1 - - [22/Mar/2019:15:58:51 +0800] "GET /js/jquery-easyui-1.4.1/themes/icon.css HTTP/1.0" 200 2504 http-bio-8091-exec-7 4
127.0.0.1 - - [22/Mar/2019:15:58:51 +0800] "GET /js/kindeditor-4.1.10/themes/default/default.css HTTP/1.0" 200 21967 http-bio-8091-exec-6 3
0:0:0:0:0:0:0:1 - - [22/Mar/2019:15:58:51 +0800] "GET /js/jquery-easyui-1.4.1/themes/default/easyui.css HTTP/1.0" 200 51951 http-bio-8091-exec-4 9
0:0:0:0:0:0:0:1 - - [22/Mar/2019:15:58:52 +0800] "GET /index HTTP/1.0" 200 2477 http-bio-8091-exec-3 11
127.0.0.1 - - [22/Mar/2019:15:58:52 +0800] "GET /js/jquery-easyui-1.4.1/themes/default/easyui.css HTTP/1.0" 200 51951 http-bio-8091-exec-9 4
127.0.0.1 - - [22/Mar/2019:15:58:52 +0800] "GET /css/jt.css HTTP/1.0" 200 421 http-bio-8091-exec-1 5
0:0:0:0:0:0:0:1 - - [22/Mar/2019:15:58:52 +0800] "GET /js/jquery-easyui-1.4.1/themes/icon.css HTTP/1.0" 200 2504 http-bio-8091-exec-9 9
0:0:0:0:0:0:0:1 - - [22/Mar/2019:15:58:52 +0800] "GET /js/jquery-easyui-1.4.1/jquery.min.js HTTP/1.0" 200 95786 http-bio-8091-exec-1 4
0:0:0:0:0:0:0:1 - - [22/Mar/2019:15:58:52 +0800] "GET /js/jquery-easyui-1.4.1/locale/easyui-lang-zh_CN.js HTTP/1.0" 200 2487 http-bio-8091-exec-7 5
127.0.0.1 - - [22/Mar/2019:15:58:52 +0800] "GET /js/jquery-easyui-1.4.1/jquery.easyui.min.js HTTP/1.0" 200 353674 http-bio-8091-exec-5 9
127.0.0.1 - - [22/Mar/2019:15:58:52 +0800] "GET /js/common.js HTTP/1.0" 200 8200 http-bio-8091-exec-10 5
0:0:0:0:0:0:0:1 - - [22/Mar/2019:15:58:52 +0800] "GET /js/jquery-easyui-1.4.1/themes/default/images/tree_icons.png HTTP/1.0" 200 3115 http-bio-8091-exec-6 3
0:0:0:0:0:0:0:1 - - [22/Mar/2019:15:58:52 +0800] "GET /js/jquery-easyui-1.4.1/themes/default/images/panel_tools.png HTTP/1.0" 200 852 http-bio-8091-exec-3 4
127.0.0.1 - - [22/Mar/2019:15:58:52 +0800] "GET /js/jquery-easyui-1.4.1/themes/default/images/blank.gif HTTP/1.0" 200 43 http-bio-8091-exec-4 5
127.0.0.1 - - [22/Mar/2019:15:58:52 +0800] "GET /js/jquery-easyui-1.4.1/themes/default/images/layout_arrows.png HTTP/1.0" 200 319 http-bio-8091-exec-8 1
0:0:0:0:0:0:0:1 - - [22/Mar/2019:15:58:52 +0800] "GET /js/jquery-easyui-1.4.1/themes/default/images/tabs_icons.png HTTP/1.0" 200 150 http-bio-8091-exec-9 2
127.0.0.1 - - [22/Mar/2019:15:58:52 +0800] "GET /favicon.ico HTTP/1.0" 404 973 http-bio-8091-exec-1 2
127.0.0.1 - - [22/Mar/2019:15:58:53 +0800] "GET /js/jquery-easyui-1.4.1/themes/default/images/loading.gif HTTP/1.0" 200 1737 http-bio-8091-exec-7 3
0:0:0:0:0:0:0:1 - - [22/Mar/2019:15:58:53 +0800] "GET /page/item-list?_=1553241532745 HTTP/1.0" 200 7096 http-bio-8091-exec-2 7
0:0:0:0:0:0:0:1 - - [22/Mar/2019:15:58:53 +0800] "GET /js/jquery-easyui-1.4.1/themes/icons/edit_add.png HTTP/1.0" 200 1088 http-bio-8091-exec-5 3
0:0:0:0:0:0:0:1 - - [22/Mar/2019:15:58:53 +0800] "GET /js/jquery-easyui-1.4.1/themes/icons/cancel.png HTTP/1.0" 200 1133 http-bio-8091-exec-6 1
127.0.0.1 - - [22/Mar/2019:15:58:53 +0800] "GET /js/jquery-easyui-1.4.1/themes/icons/pencil.png HTTP/1.0" 200 713 http-bio-8091-exec-10 4
0:0:0:0:0:0:0:1 - - [22/Mar/2019:15:58:53 +0800] "GET /js/jquery-easyui-1.4.1/themes/default/images/pagination_icons.png HTTP/1.0" 200 628 http-bio-8091-exec-10 2
127.0.0.1 - - [22/Mar/2019:15:58:53 +0800] "GET /js/jquery-easyui-1.4.1/themes/icons/edit_remove.png HTTP/1.0" 200 625 http-bio-8091-exec-6 3
127.0.0.1 - - [22/Mar/2019:15:58:53 +0800] "GET /js/jquery-easyui-1.4.1/themes/icons/filesave.png HTTP/1.0" 200 898 http-bio-8091-exec-8 2
0:0:0:0:0:0:0:1 - - [22/Mar/2019:15:58:53 +0800] "GET /item/query?page=1&rows=20 HTTP/1.0" 200 7956 http-bio-8091-exec-9 19
127.0.0.1 - - [22/Mar/2019:15:58:53 +0800] "POST /item/cat/queryItemCatNameById HTTP/1.0" 200 6 http-bio-8091-exec-1 4
0:0:0:0:0:0:0:1 - - [22/Mar/2019:15:58:53 +0800] "POST /item/cat/queryItemCatNameById HTTP/1.0" 200 9 http-bio-8091-exec-7 4
127.0.0.1 - - [22/Mar/2019:15:58:53 +0800] "POST /item/cat/queryItemCatNameById HTTP/1.0" 200 9 http-bio-8091-exec-2 2
0:0:0:0:0:0:0:1 - - [22/Mar/2019:15:58:53 +0800] "POST /item/cat/queryItemCatNameById HTTP/1.0" 200 9 http-bio-8091-exec-5 6
127.0.0.1 - - [22/Mar/2019:15:58:53 +0800] "POST /item/cat/queryItemCatNameById HTTP/1.0" 200 6 http-bio-8091-exec-10 5
0:0:0:0:0:0:0:1 - - [22/Mar/2019:15:58:53 +0800] "POST /item/cat/queryItemCatNameById HTTP/1.0" 200 6 http-bio-8091-exec-3 3
127.0.0.1 - - [22/Mar/2019:15:58:53 +0800] "POST /item/cat/queryItemCatNameById HTTP/1.0" 200 6 http-bio-8091-exec-4 5
0:0:0:0:0:0:0:1 - - [22/Mar/2019:15:58:53 +0800] "POST /item/cat/queryItemCatNameById HTTP/1.0" 200 9 http-bio-8091-exec-6 4
127.0.0.1 - - [22/Mar/2019:15:58:53 +0800] "POST /item/cat/queryItemCatNameById HTTP/1.0" 200 9 http-bio-8091-exec-8 4
0:0:0:0:0:0:0:1 - - [22/Mar/2019:15:58:53 +0800] "POST /item/cat/queryItemCatNameById HTTP/1.0" 200 12 http-bio-8091-exec-9 5
127.0.0.1 - - [22/Mar/2019:15:58:53 +0800] "POST /item/cat/queryItemCatNameById HTTP/1.0" 200 6 http-bio-8091-exec-1 4
0:0:0:0:0:0:0:1 - - [22/Mar/2019:15:58:53 +0800] "POST /item/cat/queryItemCatNameById HTTP/1.0" 200 6 http-bio-8091-exec-7 4
127.0.0.1 - - [22/Mar/2019:15:58:53 +0800] "POST /item/cat/queryItemCatNameById HTTP/1.0" 200 6 http-bio-8091-exec-2 3
0:0:0:0:0:0:0:1 - - [22/Mar/2019:15:58:53 +0800] "POST /item/cat/queryItemCatNameById HTTP/1.0" 200 6 http-bio-8091-exec-5 4
127.0.0.1 - - [22/Mar/2019:15:58:53 +0800] "POST /item/cat/queryItemCatNameById HTTP/1.0" 200 6 http-bio-8091-exec-10 4
0:0:0:0:0:0:0:1 - - [22/Mar/2019:15:58:53 +0800] "POST /item/cat/queryItemCatNameById HTTP/1.0" 200 6 http-bio-8091-exec-3 9
127.0.0.1 - - [22/Mar/2019:15:58:53 +0800] "POST /item/cat/queryItemCatNameById HTTP/1.0" 200 6 http-bio-8091-exec-4 3
0:0:0:0:0:0:0:1 - - [22/Mar/2019:15:58:53 +0800] "POST /item/cat/queryItemCatNameById HTTP/1.0" 200 6 http-bio-8091-exec-6 3
127.0.0.1 - - [22/Mar/2019:15:58:53 +0800] "POST /item/cat/queryItemCatNameById HTTP/1.0" 200 6 http-bio-8091-exec-8 5
0:0:0:0:0:0:0:1 - - [22/Mar/2019:15:58:53 +0800] "POST /item/cat/queryItemCatNameById HTTP/1.0" 200 6 http-bio-8091-exec-9 4
127.0.0.1 - - [22/Mar/2019:15:58:55 +0800] "GET /page/item-edit?_=1553241532746 HTTP/1.0" 200 4127 http-bio-8091-exec-1 71
0:0:0:0:0:0:0:1 - - [22/Mar/2019:15:58:56 +0800] "GET /js/kindeditor-4.1.10/themes/default/default.css HTTP/1.0" 200 21967 http-bio-8091-exec-7 2
127.0.0.1 - - [22/Mar/2019:15:58:56 +0800] "GET /js/kindeditor-4.1.10/kindeditor-all-min.js?_=1553241532747 HTTP/1.0" 200 179915 http-bio-8091-exec-7 4
0:0:0:0:0:0:0:1 - - [22/Mar/2019:15:58:56 +0800] "GET /js/kindeditor-4.1.10/lang/zh_CN.js?_=1553241532748 HTTP/1.0" 200 8488 http-bio-8091-exec-5 2
0:0:0:0:0:0:0:1 - - [22/Mar/2019:15:58:56 +0800] "GET /item/param/item/query/1474391964 HTTP/1.0" 404 1015 http-bio-8091-exec-3 1
127.0.0.1 - - [22/Mar/2019:15:58:56 +0800] "GET /item/query/item/desc/1474391964 HTTP/1.0" 200 13591 http-bio-8091-exec-10 31
127.0.0.1 - - [22/Mar/2019:15:58:56 +0800] "GET /js/kindeditor-4.1.10/themes/default/default.png HTTP/1.0" 200 8299 http-bio-8091-exec-4 4
0:0:0:0:0:0:0:1 - - [22/Mar/2019:15:58:56 +0800] "GET /index HTTP/1.0" 200 2477 http-bio-8091-exec-6 4
127.0.0.1 - - [22/Mar/2019:15:58:56 +0800] "GET /js/kindeditor-4.1.10/themes/common/anchor.gif HTTP/1.0" 200 371 http-bio-8091-exec-8 6
0:0:0:0:0:0:0:1 - - [22/Mar/2019:15:59:12 +0800] "GET /web/item/findItemById/1474391964 HTTP/1.0" 200 247 http-bio-8091-exec-9 4
127.0.0.1 - - [22/Mar/2019:15:59:12 +0800] "GET /web/item/findItemDescById/1474391964 HTTP/1.0" 200 13548 http-bio-8091-exec-1 6
0:0:0:0:0:0:0:1 - - [22/Mar/2019:15:59:12 +0800] "GET /web/item/findItemById/1474391964 HTTP/1.0" 200 247 http-bio-8091-exec-2 8
127.0.0.1 - - [22/Mar/2019:15:59:12 +0800] "GET /web/item/findItemDescById/1474391964 HTTP/1.0" 200 13548 http-bio-8091-exec-7 5
0:0:0:0:0:0:0:1 - - [22/Mar/2019:15:59:51 +0800] "GET /web/item/findItemById/562379 HTTP/1.0" 200 429 http-bio-8091-exec-5 6
127.0.0.1 - - [22/Mar/2019:15:59:51 +0800] "GET /web/item/findItemDescById/562379 HTTP/1.0" 200 11334 http-bio-8091-exec-3 5
0:0:0:0:0:0:0:1 - - [22/Mar/2019:15:59:56 +0800] "GET /web/item/findItemById/1474391964 HTTP/1.0" 200 247 http-bio-8091-exec-10 7
127.0.0.1 - - [22/Mar/2019:15:59:56 +0800] "GET /web/item/findItemDescById/1474391964 HTTP/1.0" 200 13548 http-bio-8091-exec-4 4
0:0:0:0:0:0:0:1 - - [22/Mar/2019:15:59:56 +0800] "GET /web/item/findItemById/1474391964 HTTP/1.0" 200 247 http-bio-8091-exec-6 5
127.0.0.1 - - [22/Mar/2019:15:59:56 +0800] "GET /web/item/findItemDescById/1474391964 HTTP/1.0" 200 13548 http-bio-8091-exec-8 6
0:0:0:0:0:0:0:1 - - [22/Mar/2019:16:03:20 +0800] "GET /web/item/findItemById/1474391964 HTTP/1.0" 200 247 http-bio-8091-exec-9 5
127.0.0.1 - - [22/Mar/2019:16:03:20 +0800] "GET /web/item/findItemDescById/1474391964 HTTP/1.0" 200 13548 http-bio-8091-exec-1 5
0:0:0:0:0:0:0:1 - - [22/Mar/2019:17:04:15 +0800] "GET /web/item/findItemById/1474391964 HTTP/1.0" 200 247 http-bio-8091-exec-2 37
127.0.0.1 - - [22/Mar/2019:17:04:16 +0800] "GET /web/item/findItemDescById/1474391964 HTTP/1.0" 200 13548 http-bio-8091-exec-7 6
0:0:0:0:0:0:0:1 - - [22/Mar/2019:17:04:16 +0800] "GET /web/item/findItemById/1474391964 HTTP/1.0" 200 247 http-bio-8091-exec-5 6
127.0.0.1 - - [22/Mar/2019:17:04:16 +0800] "GET /web/item/findItemDescById/1474391964 HTTP/1.0" 200 13548 http-bio-8091-exec-3 4
0:0:0:0:0:0:0:1 - - [22/Mar/2019:17:04:39 +0800] "GET /web/item/findItemById/562379 HTTP/1.0" 200 429 http-bio-8091-exec-10 5
127.0.0.1 - - [22/Mar/2019:17:04:39 +0800] "GET /web/item/findItemDescById/562379 HTTP/1.0" 200 11334 http-bio-8091-exec-4 6
0:0:0:0:0:0:0:1 - - [22/Mar/2019:17:05:52 +0800] "GET /web/item/findItemById/562379 HTTP/1.0" 200 429 http-bio-8091-exec-6 5
127.0.0.1 - - [22/Mar/2019:17:05:52 +0800] "GET /web/item/findItemDescById/562379 HTTP/1.0" 200 11334 http-bio-8091-exec-8 4
0:0:0:0:0:0:0:1 - - [22/Mar/2019:17:05:58 +0800] "GET /web/item/findItemById/562379 HTTP/1.0" 200 429 http-bio-8091-exec-9 5
127.0.0.1 - - [22/Mar/2019:17:05:58 +0800] "GET /web/item/findItemDescById/562379 HTTP/1.0" 200 11334 http-bio-8091-exec-1 5
0:0:0:0:0:0:0:1 - - [22/Mar/2019:17:06:52 +0800] "GET /web/item/findItemById/562379 HTTP/1.0" 200 429 http-bio-8091-exec-2 7
127.0.0.1 - - [22/Mar/2019:17:06:52 +0800] "GET /web/item/findItemDescById/562379 HTTP/1.0" 200 11334 http-bio-8091-exec-7 4
0:0:0:0:0:0:0:1 - - [22/Mar/2019:17:10:31 +0800] "GET /web/item/findItemById/562379 HTTP/1.0" 200 429 http-bio-8091-exec-5 6
127.0.0.1 - - [22/Mar/2019:17:10:31 +0800] "GET /web/item/findItemDescById/562379 HTTP/1.0" 200 11334 http-bio-8091-exec-3 12
0:0:0:0:0:0:0:1 - - [22/Mar/2019:17:12:51 +0800] "GET /web/item/findItemById/562379 HTTP/1.0" 200 429 http-bio-8091-exec-10 8
127.0.0.1 - - [22/Mar/2019:17:12:51 +0800] "GET /web/item/findItemDescById/562379 HTTP/1.0" 200 11334 http-bio-8091-exec-4 3
0:0:0:0:0:0:0:1 - - [22/Mar/2019:17:17:04 +0800] "GET /web/item/findItemById/562379 HTTP/1.0" 200 429 http-bio-8091-exec-6 7
127.0.0.1 - - [22/Mar/2019:17:17:04 +0800] "GET /web/item/findItemDescById/562379 HTTP/1.0" 200 11334 http-bio-8091-exec-8 4
